Detecting compiler hash for triplet x64-linux...
Compiler found: /usr/bin/c++
The following packages are already installed:
  * cgltf:x64-linux@1.15
  * dirent:x64-linux@1.26
  * drlibs:x64-linux@2026-03-03
    glfw3:x64-linux@3.4#1
  * miniaudio:x64-linux@0.11.25
  * mmx:x64-linux@2025-03-19
  * nanosvg:x64-linux@2023-12-29
  * qoi:x64-linux@2025-05-09
    raylib[core,audio]:x64-linux@5.5#1
    raylib-cpp:x64-linux@5.5.1
  * stb:x64-linux@2024-07-29#1
  * vcpkg-cmake:x64-linux@2024-04-23
  * vcpkg-cmake-config:x64-linux@2024-05-23
glfw3 provides CMake targets:

  # this is heuristically generated, and may not be correct
  find_package(glfw3 CONFIG REQUIRED)
  target_link_libraries(main PRIVATE glfw)

glfw3 provides pkg-config modules:

  # A multi-platform library for OpenGL, window and input
  glfw3

raylib provides CMake targets:

  # this is heuristically generated, and may not be correct
  find_package(raylib CONFIG REQUIRED)
  target_link_libraries(main PRIVATE raylib)

raylib provides pkg-config modules:

  # A simple and easy-to-use library to enjoy videogames programming
  raylib

raylib-cpp is header-only and can be used from CMake via:

  find_path(RAYLIB_CPP_INCLUDE_DIRS "raylib-cpp.hpp")
  target_include_directories(main PRIVATE ${RAYLIB_CPP_INCLUDE_DIRS})

All requested installations completed successfully in: 66.5 us
